[www.createjs.com/demos/easeljs/spritesheet.0.delayed]
[www.createjs.com/#demos/easeljs/spritesheet.html]
[backblue.gif]
[fade.gif]
[index.html]
[www.createjs.com/assets/favicons/apple-touch-icon-57x57.png]
[www.createjs.com/assets/favicons/apple-touch-icon-114x114.png]
[www.createjs.com/assets/favicons/apple-touch-icon-72x72.png]
[www.createjs.com/assets/favicons/apple-touch-icon-144x144.png]
[www.createjs.com/assets/favicons/apple-touch-icon-60x60.png]
[www.createjs.com/assets/favicons/apple-touch-icon-120x120.png]
[www.createjs.com/assets/favicons/apple-touch-icon-76x76.png]
[www.createjs.com/assets/favicons/apple-touch-icon-152x152.png]
[www.createjs.com/assets/favicons/apple-touch-icon-180x180.png]
[www.createjs.com/assets/favicons/favicon-192x192.png]
[www.createjs.com/assets/favicons/favicon-160x160.png]
[www.createjs.com/assets/favicons/favicon-96x96.png]
[www.createjs.com/assets/favicons/favicon-16x16.png]
[www.createjs.com/assets/favicons/favicon-32x32.png]
[www.createjs.com/assets/favicons/tiny.png]
[www.createjs.com/assets/favicons/square.png]
[www.createjs.com/assets/favicons/wide.png]
[www.createjs.com/assets/favicons/large.png]
[createjs.com/assets/favicons/banner.jpg]
[use.typekit.net/cek3iwo.js]
[www.createjs.com/scripts/thirdparty.min.js]
[cdnjs.cloudflare.com/ajax/libs/jquery/2.1.4/jquery.min.js]
[www.createjs.com/scripts/bootstrap.min.js]
[code.createjs.com/createjs-2015.11.26.min.js]
[www.createjs.com/scripts/application.min.js]
[www.google-analytics.com/analytics.js]
[www.createjs.com/#demos/easeljs/spritesheet.html]
[www.createjs.com/styles/css/project.css]
